<html>
  <head>
  <title>A great title</title>
</head>
  <body>
    
  HELLO!
  
  <head>
  <title>A great title</title>
</head>

  </body>
</html>